01:03:06 **** Incremental Build of configuration Debug for project luz ****
make -j12 all 
arm-none-eabi-gcc "../Core/Src/main.c" -mcpu=cortex-m4 -std=gnu11 -g3 -DDEBUG -DUSE_HAL_DRIVER -DSTM32F401xC -c -I../Core/Inc -I../Drivers/STM32F4xx_HAL_Driver/Inc -I../Drivers/STM32F4xx_HAL_Driver/Inc/Legacy -I../Drivers/CMSIS/Device/ST/STM32F4xx/Include -I../Drivers/CMSIS/Include -I"C:/Users/hamzaca/Downloads/5336_stm32_bh1750_library_v1.0.0.0/luz_canal/Core/Librerias" -O0 -ffunction-sections -fdata-sections -Wall -fstack-usage -fcyclomatic-complexity -MMD -MP -MF"Core/Src/main.d" -MT"Core/Src/main.o" --specs=nano.specs -mfpu=fpv4-sp-d16 -mfloat-abi=hard -mthumb -o "Core/Src/main.o"
arm-none-eabi-gcc "../Core/Src/stm32f4xx_hal_msp.c" -mcpu=cortex-m4 -std=gnu11 -g3 -DDEBUG -DUSE_HAL_DRIVER -DSTM32F401xC -c -I../Core/Inc -I../Drivers/STM32F4xx_HAL_Driver/Inc -I../Drivers/STM32F4xx_HAL_Driver/Inc/Legacy -I../Drivers/CMSIS/Device/ST/STM32F4xx/Include -I../Drivers/CMSIS/Include -I"C:/Users/hamzaca/Downloads/5336_stm32_bh1750_library_v1.0.0.0/luz_canal/Core/Librerias" -O0 -ffunction-sections -fdata-sections -Wall -fstack-usage -fcyclomatic-complexity -MMD -MP -MF"Core/Src/stm32f4xx_hal_msp.d" -MT"Core/Src/stm32f4xx_hal_msp.o" --specs=nano.specs -mfpu=fpv4-sp-d16 -mfloat-abi=hard -mthumb -o "Core/Src/stm32f4xx_hal_msp.o"
arm-none-eabi-gcc "../Core/Src/stm32f4xx_it.c" -mcpu=cortex-m4 -std=gnu11 -g3 -DDEBUG -DUSE_HAL_DRIVER -DSTM32F401xC -c -I../Core/Inc -I../Drivers/STM32F4xx_HAL_Driver/Inc -I../Drivers/STM32F4xx_HAL_Driver/Inc/Legacy -I../Drivers/CMSIS/Device/ST/STM32F4xx/Include -I../Drivers/CMSIS/Include -I"C:/Users/hamzaca/Downloads/5336_stm32_bh1750_library_v1.0.0.0/luz_canal/Core/Librerias" -O0 -ffunction-sections -fdata-sections -Wall -fstack-usage -fcyclomatic-complexity -MMD -MP -MF"Core/Src/stm32f4xx_it.d" -MT"Core/Src/stm32f4xx_it.o" --specs=nano.specs -mfpu=fpv4-sp-d16 -mfloat-abi=hard -mthumb -o "Core/Src/stm32f4xx_it.o"
arm-none-eabi-gcc "../Core/Src/syscalls.c" -mcpu=cortex-m4 -std=gnu11 -g3 -DDEBUG -DUSE_HAL_DRIVER -DSTM32F401xC -c -I../Core/Inc -I../Drivers/STM32F4xx_HAL_Driver/Inc -I../Drivers/STM32F4xx_HAL_Driver/Inc/Legacy -I../Drivers/CMSIS/Device/ST/STM32F4xx/Include -I../Drivers/CMSIS/Include -I"C:/Users/hamzaca/Downloads/5336_stm32_bh1750_library_v1.0.0.0/luz_canal/Core/Librerias" -O0 -ffunction-sections -fdata-sections -Wall -fstack-usage -fcyclomatic-complexity -MMD -MP -MF"Core/Src/syscalls.d" -MT"Core/Src/syscalls.o" --specs=nano.specs -mfpu=fpv4-sp-d16 -mfloat-abi=hard -mthumb -o "Core/Src/syscalls.o"
arm-none-eabi-gcc "../Core/Src/sysmem.c" -mcpu=cortex-m4 -std=gnu11 -g3 -DDEBUG -DUSE_HAL_DRIVER -DSTM32F401xC -c -I../Core/Inc -I../Drivers/STM32F4xx_HAL_Driver/Inc -I../Drivers/STM32F4xx_HAL_Driver/Inc/Legacy -I../Drivers/CMSIS/Device/ST/STM32F4xx/Include -I../Drivers/CMSIS/Include -I"C:/Users/hamzaca/Downloads/5336_stm32_bh1750_library_v1.0.0.0/luz_canal/Core/Librerias" -O0 -ffunction-sections -fdata-sections -Wall -fstack-usage -fcyclomatic-complexity -MMD -MP -MF"Core/Src/sysmem.d" -MT"Core/Src/sysmem.o" --specs=nano.specs -mfpu=fpv4-sp-d16 -mfloat-abi=hard -mthumb -o "Core/Src/sysmem.o"
arm-none-eabi-gcc "../Core/Src/system_stm32f4xx.c" -mcpu=cortex-m4 -std=gnu11 -g3 -DDEBUG -DUSE_HAL_DRIVER -DSTM32F401xC -c -I../Core/Inc -I../Drivers/STM32F4xx_HAL_Driver/Inc -I../Drivers/STM32F4xx_HAL_Driver/Inc/Legacy -I../Drivers/CMSIS/Device/ST/STM32F4xx/Include -I../Drivers/CMSIS/Include -I"C:/Users/hamzaca/Downloads/5336_stm32_bh1750_library_v1.0.0.0/luz_canal/Core/Librerias" -O0 -ffunction-sections -fdata-sections -Wall -fstack-usage -fcyclomatic-complexity -MMD -MP -MF"Core/Src/system_stm32f4xx.d" -MT"Core/Src/system_stm32f4xx.o" --specs=nano.specs -mfpu=fpv4-sp-d16 -mfloat-abi=hard -mthumb -o "Core/Src/system_stm32f4xx.o"
../Core/Src/main.c: In function 'main':
../Core/Src/main.c:106:29: warning: pointer targets in passing argument 2 of 'uartx_write_text' differ in signedness [-Wpointer-sign]
  106 |   uartx_write_text(&huart1, "INICIANDO\r\n");
      |                             ^~~~~~~~~~~~~~~
      |                             |
      |                             char *
In file included from ../Core/Src/main.c:24:
../Core/Inc/uart.h:17:59: note: expected 'uint8_t *' {aka 'unsigned char *'} but argument is of type 'char *'
   17 | void uartx_write_text(UART_HandleTypeDef *huart, uint8_t *info);
      |                                                  ~~~~~~~~~^~~~
../Core/Src/main.c:117:37: warning: pointer targets in passing argument 2 of 'uartx_write_text' differ in signedness [-Wpointer-sign]
  117 |           uartx_write_text(&huart1, texto);
      |                                     ^~~~~
      |                                     |
      |                                     char *
../Core/Inc/uart.h:17:59: note: expected 'uint8_t *' {aka 'unsigned char *'} but argument is of type 'char *'
   17 | void uartx_write_text(UART_HandleTypeDef *huart, uint8_t *info);
      |                                                  ~~~~~~~~~^~~~
arm-none-eabi-gcc -o "luz.elf" @"objects.list"   -mcpu=cortex-m4 -T"C:\Users\hamzaca\Downloads\5336_stm32_bh1750_library_v1.0.0.0\luz_canal\STM32F401CCUX_FLASH.ld" --specs=nosys.specs -Wl,-Map="luz.map" -Wl,--gc-sections -static --specs=nano.specs -mfpu=fpv4-sp-d16 -mfloat-abi=hard -mthumb -Wl,--start-group -lc -lm -Wl,--end-group
C:/ST/STM32CubeIDE_1.16.1/STM32CubeIDE/plugins/com.st.stm32cube.ide.mcu.externaltools.gnu-tools-for-stm32.12.3.rel1.win32_1.0.200.202406191623/tools/bin/../lib/gcc/arm-none-eabi/12.3.1/../../../../arm-none-eabi/bin/ld.exe: warning: luz.elf has a LOAD segment with RWX permissions
Finished building target: luz.elf
 
arm-none-eabi-size  luz.elf 
arm-none-eabi-objdump -h -S luz.elf  > "luz.list"
   text	   data	    bss	    dec	    hex	filename
  15736	    100	   2124	  17960	   4628	luz.elf
Finished building: default.size.stdout
 
Finished building: luz.list
 

01:03:07 Build Finished. 0 errors, 3 warnings. (took 695ms)

